'Building: app_buffer.c'
'Building: app_common.c'
'Building: battery_check.c'
'Building: ble_flash.c'
'Building: blt_fw_sign.c'
'Building: blt_led.c'
'Building: blt_soft_timer.c'
'Building: custom_pair.c'
'Building: flash_fw_check.c'
'Building: flash_prot.c'
'Building: simple_sdp.c'
'Building: sync_word_check.c'
'Building: tlkapi_debug.c'
'Building: user_config.c'
'Building: bms_soc.c'
'Building: bms_soc_eta.c'
'Building: app.c'
'Building: app_att.c'
'Building: ble_ota.c'
'Building: bms_afe_guard.c'
'Building: bms_afe_hw_access.c'
'Building: bms_afe_hw_profile.c'
'Building: bms_board.c'
'Building: bms_config_store.c'
'Building: bms_debug_log.c'
'Building: bms_diag.c'
'Building: bms_event_log.c'
'Building: bms_features.c'
'Building: bms_state.c'
'Building: bms_state_store.c'
'Building: bms_storage_platform_telink.c'
'Building: bms_sw_protection.c'
'Building: btname_modbus.c'
'Building: main.c'
'Building: bms_stack_monitor.c'
'Building: modbus_rtu.c'
'Building: modbus_uart.c'
'Building: bms_parameter_access.c'
'Building: param.c'
'Building: bms_factory_mode.c'
'Building: sh3673510_bms.c'
'Building: sh3673510_control.c'
'Building: sh3673510_ntc.c'
'Building: sh3673510_feature_backend.c'
'Building: sh3673520.c'
'Building: sh3673520_port.c'
'Building: storage_record.c'
'Building: adc.c'
'Building: aes.c'
'Building: analog.c'
'Building: audio.c'
'Building: bsp.c'
'Building: clock.c'
'Building: flash.c'
'Building: gpio.c'
'Building: i2c.c'
'Building: lpc.c'
'Building: qdec.c'
'Building: s7816.c'
'Building: spi.c'
'Building: timer.c'
'Building: uart.c'
'Building: usbhw.c'
'Building: watchdog.c'
'Building: flash_common.c'
'Building: flash_mid011460c8.c'
'Building: flash_mid1060c8.c'
'Building: flash_mid13325e.c'
'Building: flash_mid134051.c'
'Building: flash_mid136085.c'
'Building: flash_mid1360c8.c'
'Building: flash_mid1360eb.c'
'Building: flash_mid14325e.c'
'Building: flash_mid1460c8.c'
'Building: ext_calibration.c'
'Building: ext_misc.c'
'Building: rf_pa.c'
'Building: rf_private_pa.c'
'Building: software_uart.c'
'Assembling: div_mod.S'
'Building: sdk_version.c'
'Building: string.c'
'Building: utility.c'
'Assembling: cstartup_825x.S'
'Building: usb.c'
'Building: usbdesc.c'
'Building: putchar.c'
'Building: u_printf.c'
'Building: keyboard.c'
'Building: adpcm.c'
'Building: gl_audio.c'
'Building: tl_audio.c'
'Building: usbaud.c'
'Building: usbcdc.c'
'Building: usbkb.c'
'Building: usbmouse.c'
'Building: bms_runtime_diag.c'
'Building: sh3673510_diag.c'
'Building: bms_crc.c'
'Linking: C:/Users/Administrator/AppData/Local/CodexTemp/telink-new-sdk-b85/afe-remediation-20261006/target/fcdfbbf61247/production/d011/825x_ble_sample.elf'
