MAP analysis:
  file: C:\Users\Administrator\AppData\Local\CodexTemp\telink-new-sdk-b85\afe-remediation-20261006\target\fcdfbbf61247\production-24s-lfp\d008\gen\825x_ble_sample.map
  size: 762398 bytes
  _bin_size_             = 0x1cfd8
  _code_size_            = 0x1cf34
  _ram_use_end_          = 0x8461c8
  _start_bss_            = 0x844480
  _end_bss_              = 0x845ec8
  _start_data_           = 0x844400
  _end_data_             = 0x844480
  _retention_size_       = 0x3aa0
  sections (start address):
    .vectors                @ 0x00000000
    .ram_code               @ 0x000001e0
    .retention_data         @ 0x00842b98
    .text                   @ 0x00003b00
    .cstartup_ram_funcs     @ 0x0001c0d0
    .rodata                 @ 0x0001c220
    .data                   @ 0x00844400
    .bss                    @ 0x00844480
    .data_no_init           @ 0x00845ec8
    .sdk_version            @ 0x008461c8
  __SRAM_SIZE           = 0x848000
  TLSR8251 SRAM span    = 32768 bytes
  RAM address span used = 25032 bytes
  stack reserve         = 3072 bytes
  stack-safe headroom   = 4664 bytes
  projected image = 118756 bytes; free 8220
Resource report: C:\Users\Administrator\AppData\Local\CodexTemp\telink-new-sdk-b85\afe-remediation-20261006\target\fcdfbbf61247\production-24s-lfp\d008\gen\resources.json
MAP analysis PASS: TLSR8251 startup/RAM/slot limits are valid.
