[bms] firmware diagnostic build id: 0x5418a9fau; dirty=0
[bms] source order: 99 objects
[bms] make: link; jobs=4
[bms] make succeeded: 0 errors, 0 warnings
MAP analysis:
  file: C:\Users\Administrator\AppData\Local\CodexTemp\telink-new-sdk-b85\afe-remediation-20261006\target\fcdfbbf61247\production\d011\gen\825x_ble_sample.map
  size: 742805 bytes
  _bin_size_             = 0x1c1fc
  _code_size_            = 0x1c16c
  _ram_use_end_          = 0x845e8c
  _start_bss_            = 0x84436c
  _end_bss_              = 0x845b8c
  _start_data_           = 0x844300
  _end_data_             = 0x84436c
  _retention_size_       = 0x39f0
  sections (start address):
    .vectors                @ 0x00000000
    .ram_code               @ 0x000001e0
    .retention_data         @ 0x00842ae8
    .text                   @ 0x00003a00
    .cstartup_ram_funcs     @ 0x0001b570
    .rodata                 @ 0x0001b6c0
    .data                   @ 0x00844300
    .bss                    @ 0x00844370
    .data_no_init           @ 0x00845b8c
    .sdk_version            @ 0x00845e8c
  __SRAM_SIZE           = 0x848000
  TLSR8251 SRAM span    = 32768 bytes
  RAM address span used = 24204 bytes
  stack reserve         = 3072 bytes
  stack-safe headroom   = 5492 bytes
  projected image = 115204 bytes; free 11772
Resource report: C:\Users\Administrator\AppData\Local\CodexTemp\telink-new-sdk-b85\afe-remediation-20261006\target\fcdfbbf61247\production\d011\gen\resources.json
MAP analysis PASS: TLSR8251 startup/RAM/slot limits are valid.
