MAP analysis:
  file: C:\Users\Administrator\AppData\Local\CodexTemp\telink-new-sdk-b85\afe-audit-final-20261006\build\fcdfbbf61247\production-16s-lfp\d008\gen\825x_ble_sample.map
  size: 754417 bytes
  _bin_size_             = 0x1cf98
  _code_size_            = 0x1cef4
  _ram_use_end_          = 0x8461ac
  _start_bss_            = 0x844480
  _end_bss_              = 0x845eac
  _start_data_           = 0x844400
  _end_data_             = 0x844480
  _retention_size_       = 0x3aa0
  sections (start address):
    .vectors                @ 0x00000000
    .ram_code               @ 0x000001e0
    .retention_data         @ 0x00842b98
    .text                   @ 0x00003b00
    .cstartup_ram_funcs     @ 0x0001c090
    .rodata                 @ 0x0001c1e0
    .data                   @ 0x00844400
    .bss                    @ 0x00844480
    .data_no_init           @ 0x00845eac
    .sdk_version            @ 0x008461ac
  __SRAM_SIZE           = 0x848000
  TLSR8251 SRAM span    = 32768 bytes
  RAM address span used = 25004 bytes
  stack reserve         = 3072 bytes
  stack-safe headroom   = 4692 bytes
  projected image = 118692 bytes; free 8284
Resource report: C:\Users\Administrator\AppData\Local\CodexTemp\telink-new-sdk-b85\afe-audit-final-20261006\build\fcdfbbf61247\production-16s-lfp\d008\gen\resources.json
MAP analysis PASS: TLSR8251 startup/RAM/slot limits are valid.
MAP analysis:
  file: C:\Users\Administrator\AppData\Local\CodexTemp\telink-new-sdk-b85\afe-audit-final-20261006\build\fcdfbbf61247\production\d011\gen\825x_ble_sample.map
  size: 739249 bytes
  _bin_size_             = 0x1c0dc
  _code_size_            = 0x1c04c
  _ram_use_end_          = 0x845e88
  _start_bss_            = 0x84436c
  _end_bss_              = 0x845b88
  _start_data_           = 0x844300
  _end_data_             = 0x84436c
  _retention_size_       = 0x39f0
  sections (start address):
    .vectors                @ 0x00000000
    .ram_code               @ 0x000001e0
    .retention_data         @ 0x00842ae8
    .text                   @ 0x00003a00
    .cstartup_ram_funcs     @ 0x0001b460
    .rodata                 @ 0x0001b5b0
    .data                   @ 0x00844300
    .bss                    @ 0x00844370
    .data_no_init           @ 0x00845b88
    .sdk_version            @ 0x00845e88
  __SRAM_SIZE           = 0x848000
  TLSR8251 SRAM span    = 32768 bytes
  RAM address span used = 24200 bytes
  stack reserve         = 3072 bytes
  stack-safe headroom   = 5496 bytes
  projected image = 114916 bytes; free 12060
Resource report: C:\Users\Administrator\AppData\Local\CodexTemp\telink-new-sdk-b85\afe-audit-final-20261006\build\fcdfbbf61247\production\d011\gen\resources.json
MAP analysis PASS: TLSR8251 startup/RAM/slot limits are valid.
MAP analysis:
  file: C:\Users\Administrator\AppData\Local\CodexTemp\telink-new-sdk-b85\afe-audit-final-20261006\build\fcdfbbf61247\production\d013\gen\825x_ble_sample.map
  size: 737230 bytes
  _bin_size_             = 0x1bcdc
  _code_size_            = 0x1bc4c
  _ram_use_end_          = 0x845e74
  _start_bss_            = 0x84436c
  _end_bss_              = 0x845b74
  _start_data_           = 0x844300
  _end_data_             = 0x84436c
  _retention_size_       = 0x39f0
  sections (start address):
    .vectors                @ 0x00000000
    .ram_code               @ 0x000001e0
    .retention_data         @ 0x00842ae8
    .text                   @ 0x00003a00
    .cstartup_ram_funcs     @ 0x0001b060
    .rodata                 @ 0x0001b1b0
    .data                   @ 0x00844300
    .bss                    @ 0x00844370
    .data_no_init           @ 0x00845b74
    .sdk_version            @ 0x00845e74
  __SRAM_SIZE           = 0x848000
  TLSR8251 SRAM span    = 32768 bytes
  RAM address span used = 24180 bytes
  stack reserve         = 3072 bytes
  stack-safe headroom   = 5516 bytes
  projected image = 113892 bytes; free 13084
Resource report: C:\Users\Administrator\AppData\Local\CodexTemp\telink-new-sdk-b85\afe-audit-final-20261006\build\fcdfbbf61247\production\d013\gen\resources.json
MAP analysis PASS: TLSR8251 startup/RAM/slot limits are valid.
MAP analysis:
  file: C:\Users\Administrator\AppData\Local\CodexTemp\telink-new-sdk-b85\afe-audit-final-20261006\build\fcdfbbf61247\production\d014\gen\825x_ble_sample.map
  size: 739207 bytes
  _bin_size_             = 0x1c02c
  _code_size_            = 0x1bf9c
  _ram_use_end_          = 0x845e88
  _start_bss_            = 0x84436c
  _end_bss_              = 0x845b88
  _start_data_           = 0x844300
  _end_data_             = 0x84436c
  _retention_size_       = 0x39f0
  sections (start address):
    .vectors                @ 0x00000000
    .ram_code               @ 0x000001e0
    .retention_data         @ 0x00842ae8
    .text                   @ 0x00003a00
    .cstartup_ram_funcs     @ 0x0001b3b0
    .rodata                 @ 0x0001b500
    .data                   @ 0x00844300
    .bss                    @ 0x00844370
    .data_no_init           @ 0x00845b88
    .sdk_version            @ 0x00845e88
  __SRAM_SIZE           = 0x848000
  TLSR8251 SRAM span    = 32768 bytes
  RAM address span used = 24200 bytes
  stack reserve         = 3072 bytes
  stack-safe headroom   = 5496 bytes
  projected image = 114740 bytes; free 12236
Resource report: C:\Users\Administrator\AppData\Local\CodexTemp\telink-new-sdk-b85\afe-audit-final-20261006\build\fcdfbbf61247\production\d014\gen\resources.json
MAP analysis PASS: TLSR8251 startup/RAM/slot limits are valid.
