0/0:0/1/0/1/0/4200:AGVSPGEC
0/1:2/0/1/0/0/4100:A
0/2:3/0/2/0/1/4100:A
0/3:3/0/2/0/1/4100:A
0/4:4/0/3/0/1/4100:AG
0/5:3/0/2/0/1/4100:AGV
0/6:4/0/3/0/1/4100:AGVS
0/7:4/2/4/0/1/4100:AGVSPSPGE
0/8:4/2/4/0/1/4100:AGVSPGSPGE
0/9:4/2/4/0/1/4100:AGVSPGSPGE
0/10:4/2/4/0/1/4100:AGVSPGESPGE
0/11:4/3/5/1/0/4200:AGVSPSC
0/12:4/3/5/1/0/4100:AGVSPGESPC
0/13:4/3/5/1/0/4100:AGVSPGESPGC
0/14:4/3/5/1/0/4100:AGVSPGESPGC
0/15:4/3/5/1/0/4100:AGVSPSPGEC
1/0:0/1/0/1/0/4200:AGVSPGEC
1/1:2/1/1/0/0/4100:A
1/2:3/1/2/0/1/4100:A
1/3:3/1/2/0/1/4100:A
1/4:4/1/3/0/1/4100:AG
1/5:3/1/2/0/1/4100:AGV
1/6:4/0/3/0/1/4100:AGVS
1/7:4/2/4/0/1/4100:AGVSPSPGE
1/8:4/2/4/0/1/4100:AGVSPGSPGE
1/9:4/2/4/0/1/4100:AGVSPGSPGE
1/10:4/2/4/0/1/4100:AGVSPGESPGE
1/11:4/3/5/1/0/4200:AGVSPSC
1/12:4/3/5/1/0/4100:AGVSPGESPC
1/13:4/3/5/1/0/4100:AGVSPGESPGC
1/14:4/3/5/1/0/4100:AGVSPGESPGC
1/15:4/3/5/1/0/4100:AGVSPSPGEC
2/0:0/1/0/1/0/4200:AGVSPGEC
2/1:2/2/1/0/0/4100:A
2/2:3/2/2/0/1/4100:A
2/3:3/2/2/0/1/4100:A
2/4:4/2/3/0/1/4100:AG
2/5:3/2/2/0/1/4100:AGV
2/6:4/0/3/0/1/4100:AGVS
2/7:4/2/4/0/1/4100:AGVSPSPGE
2/8:4/2/4/0/1/4100:AGVSPGSPGE
2/9:4/2/4/0/1/4100:AGVSPGSPGE
2/10:4/2/4/0/1/4100:AGVSPGESPGE
2/11:4/3/5/1/0/4200:AGVSPSC
2/12:4/3/5/1/0/4100:AGVSPGESPC
2/13:4/3/5/1/0/4100:AGVSPGESPGC
2/14:4/3/5/1/0/4100:AGVSPGESPGC
2/15:4/3/5/1/0/4100:AGVSPSPGEC
3/0:0/1/0/1/0/4200:AGVSPGEC
3/1:2/3/1/0/0/4100:A
3/2:3/3/2/0/1/4100:A
3/3:3/3/2/0/1/4100:A
3/4:4/3/3/0/1/4100:AG
3/5:3/3/2/0/1/4100:AGV
3/6:4/0/3/0/1/4100:AGVS
3/7:4/2/4/0/1/4100:AGVSPSPGE
3/8:4/2/4/0/1/4100:AGVSPGSPGE
3/9:4/2/4/0/1/4100:AGVSPGSPGE
3/10:4/2/4/0/1/4100:AGVSPGESPGE
3/11:4/3/5/1/0/4200:AGVSPSC
3/12:4/3/5/1/0/4100:AGVSPGESPC
3/13:4/3/5/1/0/4100:AGVSPGESPGC
3/14:4/3/5/1/0/4100:AGVSPGESPGC
3/15:4/3/5/1/0/4100:AGVSPSPGEC
AFE hardware transaction: 64 fault/state scenarios PASS
